<html>
<body>
<pre>
<h1>µVision Build Log</h1>
<h2>Project:</h2>
D:\PHANHOANG\WORK TNE\FIRMWARE\FIRMWARE GSM21016_11_2019\FIRMWARE GSM210\GSM210\TIVA_temp.uvproj
Project File Date:  11/04/2019

<h2>Output:</h2>
Build target 'TIVA Keil C'
compiling gsm.c...
gsm.c(9): error:  #5: cannot open source input file "inc/hw_memmap.h": No such file or directory
".\Out\Out.axf" - 1 Errors, 0 Warning(s).
Target not created
Rebuild target 'TIVA Keil C'
compiling event.c...
compiling main.c...
compiling sysclock.c...
compiling task.c...
compiling uart6.c...
assembling startup_rvmdk.S...
compiling uart4.c...
compiling gsm.c...
linking...
.\Out\Out.axf: error: L6002U: Could not open file ..\..\..\..\..\ti\TivaWare_C_Series-2.1.4.178\driverlib\rvmdk\driverlib.lib: No such file or directory
".\Out\Out.axf" - 1 Errors, 0 Warning(s).
Target not created
Rebuild target 'TIVA Keil C'
compiling event.c...
compiling main.c...
compiling sysclock.c...
compiling task.c...
compiling uart6.c...
assembling startup_rvmdk.S...
compiling uart4.c...
compiling gsm.c...
linking...
Program Size: Code=7540 RO-data=1576 RW-data=212 ZI-data=3188  
FromELF: creating hex file...
".\Out\Out.axf" - 0 Errors, 0 Warning(s).
Build target 'TIVA Keil C'
compiling event.c...
compiling main.c...
compiling sysclock.c...
compiling task.c...
compiling uart6.c...
compiling uart4.c...
compiling gsm.c...
gsm.c(101): error:  #18: expected a ")"
gsm.c(104): error:  #18: expected a ")"
gsm.c(152): error:  #20: identifier "ucUARTBufferRx" is undefined
gsm.c(291): error:  #20: identifier "ucUARTBufferRx" is undefined
gsm.c(334): error:  #20: identifier "g_ucLcdModeDisplay" is undefined
gsm.c(334): error:  #20: identifier "MODE_COMMON" is undefined
gsm.c(412): error:  #20: identifier "ucUARTBufferRx" is undefined
gsm.c(412): error:  #20: identifier "STATUS_RECEIVE" is undefined
gsm.c(413): error:  #20: identifier "g_ucLcdName" is undefined
gsm.c(413): error:  #20: identifier "NAME_RECEIVE" is undefined
gsm.c(420): error:  #20: identifier "ucUARTBufferRx" is undefined
gsm.c(420): error:  #20: identifier "STATUS_HOTLINE" is undefined
gsm.c(421): error:  #20: identifier "g_ucLcdName" is undefined
gsm.c(421): error:  #20: identifier "NAME_HOTLINE" is undefined
gsm.c(656): error:  #20: identifier "ucUARTBufferRx" is undefined
gsm.c(708): error:  #20: identifier "ucUARTBufferRx" is undefined
gsm.c(713): error:  #18: expected a ")"
gsm.c(713): error:  #141-D: unnamed prototyped parameters not allowed when body is present
gsm.c(721): error:  #20: identifier "ucUARTBufferRx" is undefined
gsm.c(721): error:  #20: identifier "STATUS_MAKE_A_CALL" is undefined
gsm.c(722): error:  #20: identifier "g_ucLcdName" is undefined
gsm.c(723): error:  #20: identifier "g_ucLcdNumber" is undefined
gsm.c(736): error:  #20: identifier "ucUARTBufferRx" is undefined
gsm.c(736): error:  #20: identifier "STATUS_HOTLINE" is undefined
gsm.c(737): error:  #20: identifier "g_ucLcdName" is undefined
gsm.c(737): error:  #20: identifier "NAME_HOTLINE" is undefined
gsm.c(746): error:  #18: expected a ")"
gsm.c(746): error:  #141-D: unnamed prototyped parameters not allowed when body is present
gsm.c(748): error:  #513: a value of type "int" cannot be assigned to an entity of type "const char *"
gsm.c(807): error:  #20: identifier "g_ucDataCheckAccount" is undefined
".\Out\Out.axf" - 30 Errors, 0 Warning(s).
Target not created
Build target 'TIVA Keil C'
compiling event.c...
compiling main.c...
compiling sysclock.c...
compiling task.c...
compiling uart6.c...
compiling uart4.c...
compiling gsm.c...
gsm.c(152): error:  #20: identifier "ucUARTBufferRx" is undefined
gsm.c(291): error:  #20: identifier "ucUARTBufferRx" is undefined
gsm.c(334): error:  #20: identifier "g_ucLcdModeDisplay" is undefined
gsm.c(334): error:  #20: identifier "MODE_COMMON" is undefined
gsm.c(412): error:  #20: identifier "ucUARTBufferRx" is undefined
gsm.c(412): error:  #20: identifier "STATUS_RECEIVE" is undefined
gsm.c(413): error:  #20: identifier "g_ucLcdName" is undefined
gsm.c(413): error:  #20: identifier "NAME_RECEIVE" is undefined
gsm.c(420): error:  #20: identifier "ucUARTBufferRx" is undefined
gsm.c(420): error:  #20: identifier "STATUS_HOTLINE" is undefined
gsm.c(421): error:  #20: identifier "g_ucLcdName" is undefined
gsm.c(421): error:  #20: identifier "NAME_HOTLINE" is undefined
gsm.c(656): error:  #20: identifier "ucUARTBufferRx" is undefined
gsm.c(708): error:  #20: identifier "ucUARTBufferRx" is undefined
gsm.c(721): error:  #20: identifier "ucUARTBufferRx" is undefined
gsm.c(721): error:  #20: identifier "STATUS_MAKE_A_CALL" is undefined
gsm.c(722): error:  #20: identifier "g_ucLcdName" is undefined
gsm.c(723): error:  #20: identifier "g_ucLcdNumber" is undefined
gsm.c(736): error:  #20: identifier "ucUARTBufferRx" is undefined
gsm.c(736): error:  #20: identifier "STATUS_HOTLINE" is undefined
gsm.c(737): error:  #20: identifier "g_ucLcdName" is undefined
gsm.c(737): error:  #20: identifier "NAME_HOTLINE" is undefined
gsm.c(807): error:  #20: identifier "g_ucDataCheckAccount" is undefined
gsm.c(808): error:  #20: identifier "g_ucLcdModeDisplay" is undefined
gsm.c(808): error:  #20: identifier "MODE_CHECK_ACCOUNT" is undefined
".\Out\Out.axf" - 25 Errors, 0 Warning(s).
Target not created
Build target 'TIVA Keil C'
compiling event.c...
compiling main.c...
compiling sysclock.c...
compiling task.c...
compiling uart6.c...
compiling uart4.c...
compiling gsm.c...
gsm.c(334): error:  #20: identifier "g_ucLcdModeDisplay" is undefined
gsm.c(334): error:  #20: identifier "MODE_COMMON" is undefined
gsm.c(412): error:  #20: identifier "STATUS_RECEIVE" is undefined
gsm.c(413): error:  #20: identifier "g_ucLcdName" is undefined
gsm.c(413): error:  #20: identifier "NAME_RECEIVE" is undefined
gsm.c(420): error:  #20: identifier "STATUS_HOTLINE" is undefined
gsm.c(421): error:  #20: identifier "g_ucLcdName" is undefined
gsm.c(421): error:  #20: identifier "NAME_HOTLINE" is undefined
gsm.c(721): error:  #20: identifier "STATUS_MAKE_A_CALL" is undefined
gsm.c(722): error:  #20: identifier "g_ucLcdName" is undefined
gsm.c(723): error:  #20: identifier "g_ucLcdNumber" is undefined
gsm.c(736): error:  #20: identifier "STATUS_HOTLINE" is undefined
gsm.c(737): error:  #20: identifier "g_ucLcdName" is undefined
gsm.c(737): error:  #20: identifier "NAME_HOTLINE" is undefined
gsm.c(807): error:  #20: identifier "g_ucDataCheckAccount" is undefined
gsm.c(808): error:  #20: identifier "g_ucLcdModeDisplay" is undefined
gsm.c(808): error:  #20: identifier "MODE_CHECK_ACCOUNT" is undefined
".\Out\Out.axf" - 17 Errors, 0 Warning(s).
Target not created
Build target 'TIVA Keil C'
compiling gsm.c...
gsm.c(412): error:  #20: identifier "STATUS_RECEIVE" is undefined
gsm.c(413): error:  #20: identifier "g_ucLcdName" is undefined
gsm.c(413): error:  #20: identifier "NAME_RECEIVE" is undefined
gsm.c(420): error:  #20: identifier "STATUS_HOTLINE" is undefined
gsm.c(421): error:  #20: identifier "g_ucLcdName" is undefined
gsm.c(421): error:  #20: identifier "NAME_HOTLINE" is undefined
gsm.c(721): error:  #20: identifier "STATUS_MAKE_A_CALL" is undefined
gsm.c(722): error:  #20: identifier "g_ucLcdName" is undefined
gsm.c(723): error:  #20: identifier "g_ucLcdNumber" is undefined
gsm.c(736): error:  #20: identifier "STATUS_HOTLINE" is undefined
gsm.c(737): error:  #20: identifier "g_ucLcdName" is undefined
gsm.c(737): error:  #20: identifier "NAME_HOTLINE" is undefined
gsm.c(807): error:  #20: identifier "g_ucDataCheckAccount" is undefined
gsm.c(808): error:  #20: identifier "g_ucLcdModeDisplay" is undefined
gsm.c(808): error:  #20: identifier "MODE_CHECK_ACCOUNT" is undefined
".\Out\Out.axf" - 15 Errors, 0 Warning(s).
Target not created
Build target 'TIVA Keil C'
compiling gsm.c...
gsm.c(719): error:  #20: identifier "STATUS_MAKE_A_CALL" is undefined
gsm.c(720): error:  #20: identifier "g_ucLcdName" is undefined
gsm.c(721): error:  #20: identifier "g_ucLcdNumber" is undefined
gsm.c(734): error:  #20: identifier "STATUS_HOTLINE" is undefined
gsm.c(735): error:  #20: identifier "g_ucLcdName" is undefined
gsm.c(735): error:  #20: identifier "NAME_HOTLINE" is undefined
gsm.c(805): error:  #20: identifier "g_ucDataCheckAccount" is undefined
gsm.c(806): error:  #20: identifier "g_ucLcdModeDisplay" is undefined
gsm.c(806): error:  #20: identifier "MODE_CHECK_ACCOUNT" is undefined
".\Out\Out.axf" - 9 Errors, 0 Warning(s).
Target not created
Build target 'TIVA Keil C'
compiling event.c...
compiling main.c...
compiling sysclock.c...
compiling task.c...
compiling uart6.c...
compiling uart4.c...
compiling gsm.c...
gsm.c(734): error:  #20: identifier "STATUS_HOTLINE" is undefined
gsm.c(735): error:  #20: identifier "g_ucLcdName" is undefined
gsm.c(735): error:  #20: identifier "NAME_HOTLINE" is undefined
gsm.c(805): error:  #20: identifier "g_ucDataCheckAccount" is undefined
gsm.c(806): error:  #20: identifier "g_ucLcdModeDisplay" is undefined
gsm.c(806): error:  #20: identifier "MODE_CHECK_ACCOUNT" is undefined
".\Out\Out.axf" - 6 Errors, 0 Warning(s).
Target not created
Build target 'TIVA Keil C'
compiling gsm.c...
gsm.c(488): error:  #20: identifier "syntaxCheckAccount" is undefined
gsm.c(787): error:  #20: identifier "syntaxCheckAccount" is undefined
".\Out\Out.axf" - 2 Errors, 0 Warning(s).
Target not created
Build target 'TIVA Keil C'
compiling gsm.c...
linking...
Program Size: Code=7692 RO-data=1576 RW-data=212 ZI-data=3188  
FromELF: creating hex file...
".\Out\Out.axf" - 0 Errors, 0 Warning(s).
Build target 'TIVA Keil C'
compiling gsm.c...
linking...
Program Size: Code=7692 RO-data=1576 RW-data=212 ZI-data=3188  
FromELF: creating hex file...
".\Out\Out.axf" - 0 Errors, 0 Warning(s).
Build target 'TIVA Keil C'
compiling gsm.c...
linking...
Program Size: Code=7692 RO-data=1576 RW-data=212 ZI-data=3188  
FromELF: creating hex file...
".\Out\Out.axf" - 0 Errors, 0 Warning(s).
Build target 'TIVA Keil C'
compiling gsm.c...
linking...
Program Size: Code=7692 RO-data=1576 RW-data=212 ZI-data=3188  
FromELF: creating hex file...
".\Out\Out.axf" - 0 Errors, 0 Warning(s).
Build target 'TIVA Keil C'
compiling gsm.c...
linking...
Program Size: Code=7768 RO-data=1576 RW-data=212 ZI-data=3188  
FromELF: creating hex file...
".\Out\Out.axf" - 0 Errors, 0 Warning(s).
Build target 'TIVA Keil C'
compiling gsm.c...
linking...
Program Size: Code=7772 RO-data=1576 RW-data=212 ZI-data=3188  
FromELF: creating hex file...
".\Out\Out.axf" - 0 Errors, 0 Warning(s).
Build target 'TIVA Keil C'
compiling gsm.c...
linking...
Program Size: Code=7772 RO-data=1576 RW-data=212 ZI-data=3188  
FromELF: creating hex file...
".\Out\Out.axf" - 0 Errors, 0 Warning(s).
Rebuild target 'TIVA Keil C'
compiling event.c...
compiling main.c...
compiling sysclock.c...
compiling task.c...
compiling uart6.c...
assembling startup_rvmdk.S...
compiling uart4.c...
compiling gsm.c...
linking...
Program Size: Code=7792 RO-data=1576 RW-data=212 ZI-data=3188  
FromELF: creating hex file...
".\Out\Out.axf" - 0 Errors, 0 Warning(s).
Build target 'TIVA Keil C'
compiling gsm.c...
linking...
Program Size: Code=7800 RO-data=1576 RW-data=212 ZI-data=3188  
FromELF: creating hex file...
".\Out\Out.axf" - 0 Errors, 0 Warning(s).
Rebuild target 'TIVA Keil C'
compiling event.c...
compiling main.c...
compiling sysclock.c...
compiling task.c...
compiling uart6.c...
assembling startup_rvmdk.S...
compiling uart4.c...
compiling gsm.c...
linking...
Program Size: Code=7800 RO-data=1576 RW-data=212 ZI-data=3188  
FromELF: creating hex file...
".\Out\Out.axf" - 0 Errors, 0 Warning(s).
Build target 'TIVA Keil C'
compiling gsm.c...
linking...
Program Size: Code=7760 RO-data=1576 RW-data=212 ZI-data=3188  
FromELF: creating hex file...
".\Out\Out.axf" - 0 Errors, 0 Warning(s).
Rebuild target 'TIVA Keil C'
compiling event.c...
compiling main.c...
compiling sysclock.c...
compiling task.c...
compiling uart6.c...
assembling startup_rvmdk.S...
compiling uart4.c...
compiling gsm.c...
linking...
Program Size: Code=7720 RO-data=1576 RW-data=212 ZI-data=3188  
FromELF: creating hex file...
".\Out\Out.axf" - 0 Errors, 0 Warning(s).
Rebuild target 'TIVA Keil C'
compiling event.c...
compiling main.c...
compiling sysclock.c...
compiling task.c...
compiling uart6.c...
assembling startup_rvmdk.S...
compiling uart4.c...
compiling gsm.c...
linking...
Program Size: Code=7728 RO-data=1576 RW-data=212 ZI-data=3348  
FromELF: creating hex file...
".\Out\Out.axf" - 0 Errors, 0 Warning(s).
Rebuild target 'TIVA Keil C'
compiling event.c...
compiling main.c...
compiling sysclock.c...
compiling task.c...
compiling uart6.c...
assembling startup_rvmdk.S...
compiling uart4.c...
compiling gsm.c...
linking...
Program Size: Code=7736 RO-data=1576 RW-data=212 ZI-data=3348  
FromELF: creating hex file...
".\Out\Out.axf" - 0 Errors, 0 Warning(s).
Rebuild target 'TIVA Keil C'
compiling event.c...
compiling main.c...
compiling sysclock.c...
compiling task.c...
compiling uart6.c...
assembling startup_rvmdk.S...
compiling uart4.c...
compiling gsm.c...
linking...
Program Size: Code=7828 RO-data=1576 RW-data=212 ZI-data=3348  
FromELF: creating hex file...
".\Out\Out.axf" - 0 Errors, 0 Warning(s).
Rebuild target 'TIVA Keil C'
compiling event.c...
compiling main.c...
compiling sysclock.c...
compiling task.c...
compiling uart6.c...
assembling startup_rvmdk.S...
compiling uart4.c...
compiling gsm.c...
linking...
Program Size: Code=7828 RO-data=1576 RW-data=212 ZI-data=3348  
FromELF: creating hex file...
".\Out\Out.axf" - 0 Errors, 0 Warning(s).
Rebuild target 'TIVA Keil C'
compiling event.c...
compiling main.c...
compiling sysclock.c...
compiling task.c...
compiling uart6.c...
assembling startup_rvmdk.S...
compiling uart4.c...
compiling gsm.c...
gsm.c(769): warning: C4017W: index may be used before being set
linking...
Program Size: Code=7800 RO-data=1576 RW-data=212 ZI-data=3348  
FromELF: creating hex file...
".\Out\Out.axf" - 0 Errors, 1 Warning(s).
Rebuild target 'TIVA Keil C'
compiling event.c...
compiling main.c...
compiling sysclock.c...
compiling task.c...
compiling uart6.c...
assembling startup_rvmdk.S...
compiling uart4.c...
compiling gsm.c...
gsm.c(769): warning: C4017W: index may be used before being set
linking...
Program Size: Code=7800 RO-data=1576 RW-data=212 ZI-data=3348  
FromELF: creating hex file...
".\Out\Out.axf" - 0 Errors, 1 Warning(s).
Rebuild target 'TIVA Keil C'
compiling event.c...
compiling main.c...
compiling sysclock.c...
compiling task.c...
compiling uart6.c...
assembling startup_rvmdk.S...
compiling uart4.c...
compiling gsm.c...
gsm.c(769): warning: C4017W: index may be used before being set
linking...
Program Size: Code=7800 RO-data=1576 RW-data=212 ZI-data=3348  
FromELF: creating hex file...
".\Out\Out.axf" - 0 Errors, 1 Warning(s).
Rebuild target 'TIVA Keil C'
compiling event.c...
compiling main.c...
compiling sysclock.c...
compiling task.c...
compiling uart6.c...
assembling startup_rvmdk.S...
compiling uart4.c...
compiling gsm.c...
gsm.c(769): warning: C4017W: index may be used before being set
linking...
Program Size: Code=7800 RO-data=1576 RW-data=212 ZI-data=3076  
FromELF: creating hex file...
".\Out\Out.axf" - 0 Errors, 1 Warning(s).
Rebuild target 'TIVA Keil C'
compiling event.c...
compiling main.c...
compiling sysclock.c...
compiling task.c...
compiling uart6.c...
assembling startup_rvmdk.S...
compiling uart4.c...
compiling gsm.c...
gsm.c(769): warning: C4017W: index may be used before being set
linking...
Program Size: Code=7800 RO-data=1576 RW-data=212 ZI-data=3076  
FromELF: creating hex file...
".\Out\Out.axf" - 0 Errors, 1 Warning(s).
