<html>
<body>
<pre>
<h1>µVision Build Log</h1>
<h2>Project:</h2>
D:\TU LIEU HOC TAP\TM4C\GITHUB\GSM210\GSM210.uvproj
Project File Date:  03/24/2020

<h2>Output:</h2>
Build target 'TIVA Keil C'
linking...
Program Size: Code=7744 RO-data=1588 RW-data=204 ZI-data=3076  
FromELF: creating hex file...
".\Out\Out.axf" - 0 Error(s), 0 Warning(s).
</pre>
</body>
</html>
.c...
linking...
.\Out\Out.axf: error: L6002U: Could not open file ..\..\..\..\ti\TivaWare_C_Series-2.1.4.178\driverlib\rvmdk\driverlib.lib: No such file or directory
Finished: 0 information, 0 warning, 0 error and 1 fatal error messages.
".\Out\Out.axf" - 1 Error(s), 0 Warning(s).
Target not created
