<html>
<body>
<pre>
<h1>µVision Build Log</h1>
<h2>Project:</h2>
D:\TU LIEU HOC TAP\TM4C\BACKUP PRODUCT\FIRMWARE GSM210 _ OK\FIRMWARE GSM210\GSM210\GSM210.uvproj
Project File Date:  11/18/2019

<h2>Output:</h2>
Rebuild target 'TIVA Keil C'
compiling event.c...
compiling main.c...
compiling sysclock.c...
compiling task.c...
compiling uart6.c...
assembling startup_rvmdk.S...
compiling uart4.c...
compiling gsm.c...
linking...
Program Size: Code=7744 RO-data=1588 RW-data=204 ZI-data=3076  
FromELF: creating hex file...
".\Out\Out.axf" - 0 Error(s), 0 Warning(s).
</pre>
</body>
</html>
